item found: item1
item found: item2
item found: item3
match ok
