Hello, world! (If seen twice - everything is fine)
Hello, world! (If seen twice - everything is fine)
